apiVersion: rbac.authorization.k8s.io/v1
kind: ClusterRole
metadata:
  annotations: {}
  labels:
    name: sudo-impersonator
  name: sudo-impersonator
rules:
  - apiGroups:
      - ''
    resources:
      - users
      - serviceaccounts
    verbs:
      - impersonate
  - apiGroups:
      - rbac.authorization.k8s.io
    resources:
      - clusterrolebindings
      - rolebindings
    verbs:
      - get
      - list
      - watch
---
apiVersion: rbac.authorization.k8s.io/v1
kind: ClusterRoleBinding
metadata:
  annotations: {}
  labels:
    name: sudo-impersonator
  name: sudo-impersonator
roleRef:
  apiGroup: rbac.authorization.k8s.io
  kind: ClusterRole
  name: sudo-impersonator
subjects: []
---
apiVersion: rbac.authorization.k8s.io/v1
kind: ClusterRoleBinding
metadata:
  annotations: {}
  labels:
    name: sudo-view
  name: sudo-view
roleRef:
  apiGroup: rbac.authorization.k8s.io
  kind: ClusterRole
  name: cluster-reader
subjects: []
---
apiVersion: rbac.authorization.k8s.io/v1
kind: ClusterRoleBinding
metadata:
  annotations: {}
  labels:
    name: impersonate-cluster-admin
  name: impersonate-cluster-admin
roleRef:
  apiGroup: rbac.authorization.k8s.io
  kind: ClusterRole
  name: cluster-admin
subjects:
  - apiGroup: rbac.authorization.k8s.io
    kind: User
    name: cluster-admin
---
apiVersion: rbac.authorization.k8s.io/v1
kind: RoleBinding
metadata:
  annotations: {}
  labels:
    name: alertmanager-access-sudoer-groups
  name: alertmanager-access-sudoer-groups
  namespace: openshift-monitoring
roleRef:
  apiGroup: rbac.authorization.k8s.io
  kind: Role
  name: monitoring-alertmanager-edit
subjects: []
---
apiVersion: rbac.authorization.k8s.io/v1
kind: ClusterRoleBinding
metadata:
  annotations: {}
  labels:
    name: monitoring-rules-view-sudoer-groups
  name: monitoring-rules-view-sudoer-groups
roleRef:
  apiGroup: rbac.authorization.k8s.io
  kind: ClusterRole
  name: monitoring-rules-view
subjects: []
