apiVersion: v1
data: {}
kind: Secret
metadata:
  annotations:
    argocd.argoproj.io/compare-options: IgnoreExtraneous
    argocd.argoproj.io/sync-options: Prune=false
  labels:
    name: oidc-client
  name: oidc-client
  namespace: openshift-config
stringData:
  clientSecret: t-silent-test-1234/c-green-test-1234/keycloak-auth/clientSecret
type: Opaque
---
apiVersion: v1
data: {}
kind: Secret
metadata:
  annotations:
    argocd.argoproj.io/compare-options: IgnoreExtraneous
    argocd.argoproj.io/sync-options: Prune=false
  labels:
    name: company-ldap
  name: company-ldap
  namespace: openshift-config
stringData:
  bindPassword: t-silent-test-1234/c-green-test-1234/ldap-auth/bindPassword
type: Opaque
