apiVersion: rbac.authorization.k8s.io/v1
kind: ClusterRole
metadata:
  annotations: {}
  labels:
    name: sudo-impersonator
  name: sudo-impersonator
rules:
  - apiGroups:
      - ''
    resourceNames:
      - cluster-admin
    resources:
      - users
    verbs:
      - impersonate
  - apiGroups:
      - rbac.authorization.k8s.io
    resources:
      - clusterrolebindings
      - rolebindings
    verbs:
      - get
      - list
      - watch
---
apiVersion: rbac.authorization.k8s.io/v1
kind: ClusterRoleBinding
metadata:
  annotations: {}
  labels:
    name: sudo-impersonator
  name: sudo-impersonator
roleRef:
  apiGroup: rbac.authorization.k8s.io
  kind: ClusterRole
  name: sudo-impersonator
subjects:
  - apiGroup: rbac.authorization.k8s.io
    kind: Group
    name: sudoers
---
apiVersion: rbac.authorization.k8s.io/v1
kind: ClusterRoleBinding
metadata:
  annotations: {}
  labels:
    name: sudo-view
  name: sudo-view
roleRef:
  apiGroup: rbac.authorization.k8s.io
  kind: ClusterRole
  name: view
subjects:
  - apiGroup: rbac.authorization.k8s.io
    kind: Group
    name: sudoers
---
apiVersion: rbac.authorization.k8s.io/v1
kind: ClusterRoleBinding
metadata:
  annotations: {}
  labels:
    name: impersonate-cluster-admin
  name: impersonate-cluster-admin
roleRef:
  apiGroup: rbac.authorization.k8s.io
  kind: ClusterRole
  name: cluster-admin
subjects:
  - apiGroup: rbac.authorization.k8s.io
    kind: User
    name: cluster-admin
