apiGroup: rbac.authorization.k8s.io
kind: Group
name: test-group
subjects:
  - apiGroup: rbac.authorization.k8s.io
    kind: User
    name: test-username
