apiVersion: sync.appuio.ch/v1alpha1
kind: SyncConfig
metadata:
  annotations:
    argocd.argoproj.io/sync-options: SkipDryRunOnMissingResource=true
    argocd.argoproj.io/sync-wave: '10'
  labels:
    name: remove-kube-admin
  name: remove-kube-admin
  namespace: syn-espejo
spec:
  deleteItems:
    - apiVersion: v1
      kind: Secret
      name: kubeadmin
  namespaceSelector:
    matchNames:
      - kube-system
